-------- day 0 --------
Aged Brie, 2, 0
-------- day 1 --------
Aged Brie, 1, 1
-------- day 2 --------
Aged Brie, 0, 2
-------- day 3 --------
Aged Brie, -1, 4
-------- day 4 --------
Aged Brie, -2, 6
-------- day 5 --------
Aged Brie, -3, 8
-------- day 6 --------
Aged Brie, -4, 10
-------- day 7 --------
Aged Brie, -5, 12
-------- day 8 --------
Aged Brie, -6, 14
-------- day 9 --------
Aged Brie, -7, 16
-------- day 10 --------
Aged Brie, -8, 18
-------- day 11 --------
Aged Brie, -9, 20
-------- day 12 --------
Aged Brie, -10, 22
-------- day 13 --------
Aged Brie, -11, 24
-------- day 14 --------
Aged Brie, -12, 26
-------- day 15 --------
Aged Brie, -13, 28
-------- day 16 --------
Aged Brie, -14, 30
-------- day 17 --------
Aged Brie, -15, 32
-------- day 18 --------
Aged Brie, -16, 34
-------- day 19 --------
Aged Brie, -17, 36
-------- day 20 --------
Aged Brie, -18, 38
-------- day 21 --------
Aged Brie, -19, 40
-------- day 22 --------
Aged Brie, -20, 42
-------- day 23 --------
Aged Brie, -21, 44
-------- day 24 --------
Aged Brie, -22, 46
-------- day 25 --------
Aged Brie, -23, 48
-------- day 26 --------
Aged Brie, -24, 50
-------- day 27 --------
Aged Brie, -25, 50
-------- day 28 --------
Aged Brie, -26, 50
-------- day 29 --------
Aged Brie, -27, 50
-------- day 30 --------
Aged Brie, -28, 50
