-------- day 0 --------
+5 Dexterity Vest, 10, 20
Elixir of the Mongoose, 5, 7
-------- day 1 --------
+5 Dexterity Vest, 9, 19
Elixir of the Mongoose, 4, 6
-------- day 2 --------
+5 Dexterity Vest, 8, 18
Elixir of the Mongoose, 3, 5
-------- day 3 --------
+5 Dexterity Vest, 7, 17
Elixir of the Mongoose, 2, 4
-------- day 4 --------
+5 Dexterity Vest, 6, 16
Elixir of the Mongoose, 1, 3
-------- day 5 --------
+5 Dexterity Vest, 5, 15
Elixir of the Mongoose, 0, 2
-------- day 6 --------
+5 Dexterity Vest, 4, 14
Elixir of the Mongoose, -1, 0
-------- day 7 --------
+5 Dexterity Vest, 3, 13
Elixir of the Mongoose, -2, 0
-------- day 8 --------
+5 Dexterity Vest, 2, 12
Elixir of the Mongoose, -3, 0
-------- day 9 --------
+5 Dexterity Vest, 1, 11
Elixir of the Mongoose, -4, 0
-------- day 10 --------
+5 Dexterity Vest, 0, 10
Elixir of the Mongoose, -5, 0
-------- day 11 --------
+5 Dexterity Vest, -1, 8
Elixir of the Mongoose, -6, 0
-------- day 12 --------
+5 Dexterity Vest, -2, 6
Elixir of the Mongoose, -7, 0
-------- day 13 --------
+5 Dexterity Vest, -3, 4
Elixir of the Mongoose, -8, 0
-------- day 14 --------
+5 Dexterity Vest, -4, 2
Elixir of the Mongoose, -9, 0
-------- day 15 --------
+5 Dexterity Vest, -5, 0
Elixir of the Mongoose, -10, 0
-------- day 16 --------
+5 Dexterity Vest, -6, 0
Elixir of the Mongoose, -11, 0
-------- day 17 --------
+5 Dexterity Vest, -7, 0
Elixir of the Mongoose, -12, 0
-------- day 18 --------
+5 Dexterity Vest, -8, 0
Elixir of the Mongoose, -13, 0
-------- day 19 --------
+5 Dexterity Vest, -9, 0
Elixir of the Mongoose, -14, 0
-------- day 20 --------
+5 Dexterity Vest, -10, 0
Elixir of the Mongoose, -15, 0
-------- day 21 --------
+5 Dexterity Vest, -11, 0
Elixir of the Mongoose, -16, 0
-------- day 22 --------
+5 Dexterity Vest, -12, 0
Elixir of the Mongoose, -17, 0
-------- day 23 --------
+5 Dexterity Vest, -13, 0
Elixir of the Mongoose, -18, 0
-------- day 24 --------
+5 Dexterity Vest, -14, 0
Elixir of the Mongoose, -19, 0
-------- day 25 --------
+5 Dexterity Vest, -15, 0
Elixir of the Mongoose, -20, 0
-------- day 26 --------
+5 Dexterity Vest, -16, 0
Elixir of the Mongoose, -21, 0
-------- day 27 --------
+5 Dexterity Vest, -17, 0
Elixir of the Mongoose, -22, 0
-------- day 28 --------
+5 Dexterity Vest, -18, 0
Elixir of the Mongoose, -23, 0
-------- day 29 --------
+5 Dexterity Vest, -19, 0
Elixir of the Mongoose, -24, 0
-------- day 30 --------
+5 Dexterity Vest, -20, 0
Elixir of the Mongoose, -25, 0
