-------- day 0 --------
Backstage passes to a TAFKAL80ETC concert, 15, 20
Backstage passes to a TAFKAL80ETC concert, 10, 49
Backstage passes to a TAFKAL80ETC concert, 5, 49
-------- day 1 --------
Backstage passes to a TAFKAL80ETC concert, 14, 21
Backstage passes to a TAFKAL80ETC concert, 9, 50
Backstage passes to a TAFKAL80ETC concert, 4, 50
-------- day 2 --------
Backstage passes to a TAFKAL80ETC concert, 13, 22
Backstage passes to a TAFKAL80ETC concert, 8, 50
Backstage passes to a TAFKAL80ETC concert, 3, 50
-------- day 3 --------
Backstage passes to a TAFKAL80ETC concert, 12, 23
Backstage passes to a TAFKAL80ETC concert, 7, 50
Backstage passes to a TAFKAL80ETC concert, 2, 50
-------- day 4 --------
Backstage passes to a TAFKAL80ETC concert, 11, 24
Backstage passes to a TAFKAL80ETC concert, 6, 50
Backstage passes to a TAFKAL80ETC concert, 1, 50
-------- day 5 --------
Backstage passes to a TAFKAL80ETC concert, 10, 25
Backstage passes to a TAFKAL80ETC concert, 5, 50
Backstage passes to a TAFKAL80ETC concert, 0, 50
-------- day 6 --------
Backstage passes to a TAFKAL80ETC concert, 9, 27
Backstage passes to a TAFKAL80ETC concert, 4, 50
Backstage passes to a TAFKAL80ETC concert, -1, 0
-------- day 7 --------
Backstage passes to a TAFKAL80ETC concert, 8, 29
Backstage passes to a TAFKAL80ETC concert, 3, 50
Backstage passes to a TAFKAL80ETC concert, -2, 0
-------- day 8 --------
Backstage passes to a TAFKAL80ETC concert, 7, 31
Backstage passes to a TAFKAL80ETC concert, 2, 50
Backstage passes to a TAFKAL80ETC concert, -3, 0
-------- day 9 --------
Backstage passes to a TAFKAL80ETC concert, 6, 33
Backstage passes to a TAFKAL80ETC concert, 1, 50
Backstage passes to a TAFKAL80ETC concert, -4, 0
-------- day 10 --------
Backstage passes to a TAFKAL80ETC concert, 5, 35
Backstage passes to a TAFKAL80ETC concert, 0, 50
Backstage passes to a TAFKAL80ETC concert, -5, 0
-------- day 11 --------
Backstage passes to a TAFKAL80ETC concert, 4, 38
Backstage passes to a TAFKAL80ETC concert, -1, 0
Backstage passes to a TAFKAL80ETC concert, -6, 0
-------- day 12 --------
Backstage passes to a TAFKAL80ETC concert, 3, 41
Backstage passes to a TAFKAL80ETC concert, -2, 0
Backstage passes to a TAFKAL80ETC concert, -7, 0
-------- day 13 --------
Backstage passes to a TAFKAL80ETC concert, 2, 44
Backstage passes to a TAFKAL80ETC concert, -3, 0
Backstage passes to a TAFKAL80ETC concert, -8, 0
-------- day 14 --------
Backstage passes to a TAFKAL80ETC concert, 1, 47
Backstage passes to a TAFKAL80ETC concert, -4, 0
Backstage passes to a TAFKAL80ETC concert, -9, 0
-------- day 15 --------
Backstage passes to a TAFKAL80ETC concert, 0, 50
Backstage passes to a TAFKAL80ETC concert, -5, 0
Backstage passes to a TAFKAL80ETC concert, -10, 0
-------- day 16 --------
Backstage passes to a TAFKAL80ETC concert, -1, 0
Backstage passes to a TAFKAL80ETC concert, -6, 0
Backstage passes to a TAFKAL80ETC concert, -11, 0
-------- day 17 --------
Backstage passes to a TAFKAL80ETC concert, -2, 0
Backstage passes to a TAFKAL80ETC concert, -7, 0
Backstage passes to a TAFKAL80ETC concert, -12, 0
-------- day 18 --------
Backstage passes to a TAFKAL80ETC concert, -3, 0
Backstage passes to a TAFKAL80ETC concert, -8, 0
Backstage passes to a TAFKAL80ETC concert, -13, 0
-------- day 19 --------
Backstage passes to a TAFKAL80ETC concert, -4, 0
Backstage passes to a TAFKAL80ETC concert, -9, 0
Backstage passes to a TAFKAL80ETC concert, -14, 0
-------- day 20 --------
Backstage passes to a TAFKAL80ETC concert, -5, 0
Backstage passes to a TAFKAL80ETC concert, -10, 0
Backstage passes to a TAFKAL80ETC concert, -15, 0
-------- day 21 --------
Backstage passes to a TAFKAL80ETC concert, -6, 0
Backstage passes to a TAFKAL80ETC concert, -11, 0
Backstage passes to a TAFKAL80ETC concert, -16, 0
-------- day 22 --------
Backstage passes to a TAFKAL80ETC concert, -7, 0
Backstage passes to a TAFKAL80ETC concert, -12, 0
Backstage passes to a TAFKAL80ETC concert, -17, 0
-------- day 23 --------
Backstage passes to a TAFKAL80ETC concert, -8, 0
Backstage passes to a TAFKAL80ETC concert, -13, 0
Backstage passes to a TAFKAL80ETC concert, -18, 0
-------- day 24 --------
Backstage passes to a TAFKAL80ETC concert, -9, 0
Backstage passes to a TAFKAL80ETC concert, -14, 0
Backstage passes to a TAFKAL80ETC concert, -19, 0
-------- day 25 --------
Backstage passes to a TAFKAL80ETC concert, -10, 0
Backstage passes to a TAFKAL80ETC concert, -15, 0
Backstage passes to a TAFKAL80ETC concert, -20, 0
-------- day 26 --------
Backstage passes to a TAFKAL80ETC concert, -11, 0
Backstage passes to a TAFKAL80ETC concert, -16, 0
Backstage passes to a TAFKAL80ETC concert, -21, 0
-------- day 27 --------
Backstage passes to a TAFKAL80ETC concert, -12, 0
Backstage passes to a TAFKAL80ETC concert, -17, 0
Backstage passes to a TAFKAL80ETC concert, -22, 0
-------- day 28 --------
Backstage passes to a TAFKAL80ETC concert, -13, 0
Backstage passes to a TAFKAL80ETC concert, -18, 0
Backstage passes to a TAFKAL80ETC concert, -23, 0
-------- day 29 --------
Backstage passes to a TAFKAL80ETC concert, -14, 0
Backstage passes to a TAFKAL80ETC concert, -19, 0
Backstage passes to a TAFKAL80ETC concert, -24, 0
-------- day 30 --------
Backstage passes to a TAFKAL80ETC concert, -15, 0
Backstage passes to a TAFKAL80ETC concert, -20, 0
Backstage passes to a TAFKAL80ETC concert, -25, 0
